2026-05-13 14:06:15,948 - app.main - INFO - Starting quality monitoring background tasks...
2026-05-13 14:06:15,950 - app.main - INFO - Starting LN2 Redis listener for real-time readings...
2026-05-13 14:06:15,951 - app.main - INFO - Starting World Bank LPI daily fetch scheduler...
2026-05-13 14:06:15,951 - app.main - INFO - Starting quality monitoring background tasks...
2026-05-13 14:06:15,952 - app.main - INFO - Starting hourly alert reminder scheduler...
2026-05-13 14:06:15,953 - app.main - INFO - Starting LN2 Redis listener for real-time readings...
2026-05-13 14:06:15,953 - app.main - INFO - Starting World Bank LPI daily fetch scheduler...
2026-05-13 14:06:15,954 - app.main - INFO - Starting hourly alert reminder scheduler...
2026-05-13 14:06:15,989 - app.service.redis_service - INFO - Redis connection established successfully: redis:6379 (SSL: False)
2026-05-13 14:06:15,991 - app.service.redis_service - INFO - Redis pub/sub subscription established for both CGT and IVF channels
2026-05-13 14:06:15,991 - app.service.redis_service - INFO - Redis connection established successfully: redis:6379 (SSL: False)
2026-05-13 14:06:15,992 - app.service.quality_service - INFO - Redis listener started
2026-05-13 14:06:15,993 - app.service.redis_service - INFO - Redis pub/sub subscription established for both CGT and IVF channels
2026-05-13 14:06:15,994 - app.service.quality_service - INFO - Redis listener started
2026-05-13 14:06:15,998 - app.service.redis_service - INFO - Redis pub/sub subscription established for ln2_readings_channel
2026-05-13 14:06:15,999 - app.controller.IVF.ivf_quality_controller - INFO - LN2 Redis listener started
2026-05-13 14:06:16,000 - app.service.redis_service - INFO - Redis pub/sub subscription established for ln2_readings_channel
2026-05-13 14:06:16,001 - app.controller.IVF.ivf_quality_controller - INFO - LN2 Redis listener started
2026-05-13 14:06:16,004 - app.service.redis_service - INFO - Redis pub/sub subscription established for tank_kpi_readings_channel
2026-05-13 14:06:16,004 - app.service.redis_service - INFO - Redis pub/sub subscription established for tank_kpi_readings_channel
2026-05-13 14:06:16,005 - app.controller.IVF.ivf_quality_controller - INFO - Tank KPI Redis listener started
2026-05-13 14:06:16,005 - app.controller.IVF.ivf_quality_controller - INFO - Tank KPI Redis listener started
2026-05-13 14:06:16,008 - app.service.redis_service - INFO - Redis pub/sub subscription established for incubator_kpi_readings_channel
2026-05-13 14:06:16,008 - app.service.redis_service - INFO - Redis pub/sub subscription established for incubator_kpi_readings_channel
2026-05-13 14:06:16,009 - app.controller.IVF.ivf_quality_controller - INFO - Incubator KPI Redis listener started
2026-05-13 14:06:16,009 - app.controller.IVF.ivf_quality_controller - INFO - Incubator KPI Redis listener started
2026-05-13 14:06:16,009 - app.utils.lane_risk_utils - INFO - World Bank LPI daily fetch scheduled for 2026-05-14 00:00:00 UTC (in 9.9 hours)
2026-05-13 14:06:16,009 - app.utils.lane_risk_utils - INFO - World Bank LPI daily fetch scheduled for 2026-05-14 00:00:00 UTC (in 9.9 hours)
2026-05-13 14:17:03,415 - app.main - INFO - Starting quality monitoring background tasks...
2026-05-13 14:17:03,415 - app.main - INFO - Starting quality monitoring background tasks...
2026-05-13 14:17:03,417 - app.main - INFO - Starting LN2 Redis listener for real-time readings...
2026-05-13 14:17:03,417 - app.main - INFO - Starting LN2 Redis listener for real-time readings...
2026-05-13 14:17:03,417 - app.main - INFO - Starting World Bank LPI daily fetch scheduler...
2026-05-13 14:17:03,417 - app.main - INFO - Starting World Bank LPI daily fetch scheduler...
2026-05-13 14:17:03,418 - app.main - INFO - Starting hourly alert reminder scheduler...
2026-05-13 14:17:03,418 - app.main - INFO - Starting hourly alert reminder scheduler...
2026-05-13 14:17:03,426 - app.service.redis_service - INFO - Redis connection established successfully: redis:6379 (SSL: False)
2026-05-13 14:17:03,427 - app.service.redis_service - INFO - Redis connection established successfully: redis:6379 (SSL: False)
2026-05-13 14:17:03,427 - app.service.redis_service - INFO - Redis pub/sub subscription established for both CGT and IVF channels
2026-05-13 14:17:03,428 - app.service.redis_service - INFO - Redis pub/sub subscription established for both CGT and IVF channels
2026-05-13 14:17:03,428 - app.service.quality_service - INFO - Redis listener started
2026-05-13 14:17:03,428 - app.service.quality_service - INFO - Redis listener started
2026-05-13 14:17:03,432 - app.service.redis_service - INFO - Redis pub/sub subscription established for ln2_readings_channel
2026-05-13 14:17:03,433 - app.service.redis_service - INFO - Redis pub/sub subscription established for ln2_readings_channel
2026-05-13 14:17:03,433 - app.controller.IVF.ivf_quality_controller - INFO - LN2 Redis listener started
2026-05-13 14:17:03,433 - app.controller.IVF.ivf_quality_controller - INFO - LN2 Redis listener started
2026-05-13 14:17:03,435 - app.service.redis_service - INFO - Redis pub/sub subscription established for tank_kpi_readings_channel
2026-05-13 14:17:03,435 - app.service.redis_service - INFO - Redis pub/sub subscription established for tank_kpi_readings_channel
2026-05-13 14:17:03,436 - app.controller.IVF.ivf_quality_controller - INFO - Tank KPI Redis listener started
2026-05-13 14:17:03,436 - app.controller.IVF.ivf_quality_controller - INFO - Tank KPI Redis listener started
2026-05-13 14:17:03,437 - app.service.redis_service - INFO - Redis pub/sub subscription established for incubator_kpi_readings_channel
2026-05-13 14:17:03,438 - app.service.redis_service - INFO - Redis pub/sub subscription established for incubator_kpi_readings_channel
2026-05-13 14:17:03,438 - app.controller.IVF.ivf_quality_controller - INFO - Incubator KPI Redis listener started
2026-05-13 14:17:03,438 - app.controller.IVF.ivf_quality_controller - INFO - Incubator KPI Redis listener started
2026-05-13 14:17:03,438 - app.utils.lane_risk_utils - INFO - World Bank LPI daily fetch scheduled for 2026-05-14 00:00:00 UTC (in 9.7 hours)
2026-05-13 14:17:03,439 - app.utils.lane_risk_utils - INFO - World Bank LPI daily fetch scheduled for 2026-05-14 00:00:00 UTC (in 9.7 hours)
2026-05-14 04:59:22,160 - app.main - INFO - Starting quality monitoring background tasks...
2026-05-14 04:59:22,163 - app.main - INFO - Starting LN2 Redis listener for real-time readings...
2026-05-14 04:59:22,163 - app.main - INFO - Starting quality monitoring background tasks...
2026-05-14 04:59:22,164 - app.main - INFO - Starting World Bank LPI daily fetch scheduler...
2026-05-14 04:59:22,164 - app.main - INFO - Starting LN2 Redis listener for real-time readings...
2026-05-14 04:59:22,164 - app.main - INFO - Starting hourly alert reminder scheduler...
2026-05-14 04:59:22,166 - app.main - INFO - Starting World Bank LPI daily fetch scheduler...
2026-05-14 04:59:22,167 - app.main - INFO - Starting hourly alert reminder scheduler...
2026-05-14 04:59:22,180 - app.service.redis_service - INFO - Redis connection established successfully: redis:6379 (SSL: False)
2026-05-14 04:59:22,182 - app.service.redis_service - INFO - Redis pub/sub subscription established for both CGT and IVF channels
2026-05-14 04:59:22,183 - app.service.quality_service - INFO - Redis listener started
2026-05-14 04:59:22,183 - app.service.redis_service - INFO - Redis connection established successfully: redis:6379 (SSL: False)
2026-05-14 04:59:22,184 - app.service.redis_service - INFO - Redis pub/sub subscription established for both CGT and IVF channels
2026-05-14 04:59:22,186 - app.service.quality_service - INFO - Redis listener started
2026-05-14 04:59:22,188 - app.service.redis_service - INFO - Redis pub/sub subscription established for ln2_readings_channel
2026-05-14 04:59:22,189 - app.controller.IVF.ivf_quality_controller - INFO - LN2 Redis listener started
2026-05-14 04:59:22,191 - app.service.redis_service - INFO - Redis pub/sub subscription established for ln2_readings_channel
2026-05-14 04:59:22,192 - app.service.redis_service - INFO - Redis pub/sub subscription established for tank_kpi_readings_channel
2026-05-14 04:59:22,192 - app.controller.IVF.ivf_quality_controller - INFO - LN2 Redis listener started
2026-05-14 04:59:22,193 - app.controller.IVF.ivf_quality_controller - INFO - Tank KPI Redis listener started
2026-05-14 04:59:22,195 - app.service.redis_service - INFO - Redis pub/sub subscription established for incubator_kpi_readings_channel
2026-05-14 04:59:22,196 - app.service.redis_service - INFO - Redis pub/sub subscription established for tank_kpi_readings_channel
2026-05-14 04:59:22,196 - app.controller.IVF.ivf_quality_controller - INFO - Incubator KPI Redis listener started
2026-05-14 04:59:22,196 - app.controller.IVF.ivf_quality_controller - INFO - Tank KPI Redis listener started
2026-05-14 04:59:22,198 - app.utils.lane_risk_utils - INFO - World Bank LPI daily fetch scheduled for 2026-05-15 00:00:00 UTC (in 19.0 hours)
2026-05-14 04:59:22,198 - app.service.redis_service - INFO - Redis pub/sub subscription established for incubator_kpi_readings_channel
2026-05-14 04:59:22,199 - app.controller.IVF.ivf_quality_controller - INFO - Incubator KPI Redis listener started
2026-05-14 04:59:22,200 - app.utils.lane_risk_utils - INFO - World Bank LPI daily fetch scheduled for 2026-05-15 00:00:00 UTC (in 19.0 hours)
2026-05-14 05:21:25,551 - app.main - INFO - Starting quality monitoring background tasks...
2026-05-14 05:21:25,552 - app.main - INFO - Starting quality monitoring background tasks...
2026-05-14 05:21:25,554 - app.main - INFO - Starting LN2 Redis listener for real-time readings...
2026-05-14 05:21:25,555 - app.main - INFO - Starting LN2 Redis listener for real-time readings...
2026-05-14 05:21:25,555 - app.main - INFO - Starting World Bank LPI daily fetch scheduler...
2026-05-14 05:21:25,556 - app.main - INFO - Starting World Bank LPI daily fetch scheduler...
2026-05-14 05:21:25,556 - app.main - INFO - Starting hourly alert reminder scheduler...
2026-05-14 05:21:25,557 - app.main - INFO - Starting hourly alert reminder scheduler...
2026-05-14 05:21:25,587 - app.service.redis_service - INFO - Redis connection established successfully: redis:6379 (SSL: False)
2026-05-14 05:21:25,591 - app.service.redis_service - INFO - Redis pub/sub subscription established for both CGT and IVF channels
2026-05-14 05:21:25,594 - app.service.redis_service - INFO - Redis connection established successfully: redis:6379 (SSL: False)
2026-05-14 05:21:25,595 - app.service.quality_service - INFO - Redis listener started
2026-05-14 05:21:25,596 - app.service.redis_service - INFO - Redis pub/sub subscription established for both CGT and IVF channels
2026-05-14 05:21:25,597 - app.service.quality_service - INFO - Redis listener started
2026-05-14 05:21:25,604 - app.service.redis_service - INFO - Redis pub/sub subscription established for ln2_readings_channel
2026-05-14 05:21:25,605 - app.controller.IVF.ivf_quality_controller - INFO - LN2 Redis listener started
2026-05-14 05:21:25,605 - app.service.redis_service - INFO - Redis pub/sub subscription established for ln2_readings_channel
2026-05-14 05:21:25,606 - app.controller.IVF.ivf_quality_controller - INFO - LN2 Redis listener started
2026-05-14 05:21:25,613 - app.service.redis_service - INFO - Redis pub/sub subscription established for tank_kpi_readings_channel
2026-05-14 05:21:25,615 - app.controller.IVF.ivf_quality_controller - INFO - Tank KPI Redis listener started
2026-05-14 05:21:25,617 - app.service.redis_service - INFO - Redis pub/sub subscription established for tank_kpi_readings_channel
2026-05-14 05:21:25,619 - app.controller.IVF.ivf_quality_controller - INFO - Tank KPI Redis listener started
2026-05-14 05:21:25,622 - app.service.redis_service - INFO - Redis pub/sub subscription established for incubator_kpi_readings_channel
2026-05-14 05:21:25,623 - app.controller.IVF.ivf_quality_controller - INFO - Incubator KPI Redis listener started
2026-05-14 05:21:25,624 - app.service.redis_service - INFO - Redis pub/sub subscription established for incubator_kpi_readings_channel
2026-05-14 05:21:25,629 - app.utils.lane_risk_utils - INFO - World Bank LPI daily fetch scheduled for 2026-05-15 00:00:00 UTC (in 18.6 hours)
2026-05-14 05:21:25,630 - app.controller.IVF.ivf_quality_controller - INFO - Incubator KPI Redis listener started
2026-05-14 05:21:25,632 - app.utils.lane_risk_utils - INFO - World Bank LPI daily fetch scheduled for 2026-05-15 00:00:00 UTC (in 18.6 hours)
